
Running 1 test using 1 worker

  Γ£ÿ  1 [chromium] ΓÇ║ tests\invoice-edit-repro.spec.ts:4:3 ΓÇ║ Invoice Edit ΓÇ║ should load invoice for editing (285ms)


  1) [chromium] ΓÇ║ tests\invoice-edit-repro.spec.ts:4:3 ΓÇ║ Invoice Edit ΓÇ║ should load invoice for editing 

    TypeError: Cannot read properties of undefined (reading '0')

      28 |     // Note: The SP returns an array, we need to parse it
      29 |     const createResult = await createResponse.json();
    > 30 |     const invoiceId = createResult.value[0].Id;
         |                                         ^
      31 |     console.log(`Created test invoice: ${invoiceId}`);
      32 |
      33 |     // 2. Navigate to the edit page
        at C:\Users\EricHalsey\.gemini\antigravity\scratch\modern_accounting_system\client\tests\invoice-edit-repro.spec.ts:30:41

  1 failed
    [chromium] ΓÇ║ tests\invoice-edit-repro.spec.ts:4:3 ΓÇ║ Invoice Edit ΓÇ║ should load invoice for editing 
